// Jest Snapshot v1, https://goo.gl/fbAQLP

exports[`Badge renders correctly 1`] = `
.emotion-0 {
  background-color: #ee424a;
  border-radius: 4px;
  color: white;
  min-width: 20px;
  padding: 4px;
  color: #353535;
  font-size: 14px;
  color: white;
  font-size: 12px;
  text-align: center;
}

<div
  className="emotion-0"
  color="white"
  fontSize={1}
>
  1
</div>
`;
